// Jest Snapshot v1, https://goo.gl/fbAQLP

exports[`Components/Modal renders correctly when active 1`] = `"__reshaped-4-title"`;

exports[`Components/Modal renders correctly when active 2`] = `"__reshaped-4-subtitle"`;
